[2025-09-23 06:14:57] local.ERROR: Maximum execution time of 60 seconds exceeded {"exception":"[object] (Symfony\\Component\\ErrorHandler\\Error\\FatalError(code: 0): Maximum execution time of 60 seconds exceeded at C:\\Users\\ADMIN\\Documents\\Github\\poems\\vendor\\laravel\\framework\\src\\Illuminate\\Database\\Connectors\\Connector.php:66)
[stacktrace]
#0 {main}
"} 
[2025-09-23 06:30:31] local.ERROR: Maximum execution time of 60 seconds exceeded {"exception":"[object] (Symfony\\Component\\ErrorHandler\\Error\\FatalError(code: 0): Maximum execution time of 60 seconds exceeded at C:\\Users\\ADMIN\\Documents\\Github\\poems\\vendor\\laravel\\framework\\src\\Illuminate\\Database\\Connectors\\Connector.php:66)
[stacktrace]
#0 {main}
"} 
[2025-09-23 06:37:56] local.ERROR: Maximum execution time of 60 seconds exceeded {"exception":"[object] (Symfony\\Component\\ErrorHandler\\Error\\FatalError(code: 0): Maximum execution time of 60 seconds exceeded at C:\\Users\\ADMIN\\Documents\\Github\\poems\\vendor\\laravel\\framework\\src\\Illuminate\\Database\\Connectors\\Connector.php:66)
[stacktrace]
#0 {main}
"} 
[2025-09-23 06:38:58] local.ERROR: Maximum execution time of 60 seconds exceeded {"exception":"[object] (Symfony\\Component\\ErrorHandler\\Error\\FatalError(code: 0): Maximum execution time of 60 seconds exceeded at C:\\Users\\ADMIN\\Documents\\Github\\poems\\vendor\\laravel\\framework\\src\\Illuminate\\Database\\Connectors\\Connector.php:66)
[stacktrace]
#0 {main}
"} 
[2025-09-23 06:41:32] local.ERROR: Maximum execution time of 60 seconds exceeded {"exception":"[object] (Symfony\\Component\\ErrorHandler\\Error\\FatalError(code: 0): Maximum execution time of 60 seconds exceeded at C:\\Users\\ADMIN\\Documents\\Github\\poems\\vendor\\laravel\\framework\\src\\Illuminate\\Database\\Connectors\\Connector.php:66)
[stacktrace]
#0 {main}
"} 
[2025-09-23 06:42:47] local.ERROR: Maximum execution time of 60 seconds exceeded {"exception":"[object] (Symfony\\Component\\ErrorHandler\\Error\\FatalError(code: 0): Maximum execution time of 60 seconds exceeded at C:\\Users\\ADMIN\\Documents\\Github\\poems\\vendor\\laravel\\framework\\src\\Illuminate\\Database\\Connectors\\Connector.php:66)
[stacktrace]
#0 {main}
"} 
[2025-09-23 06:44:02] local.ERROR: Maximum execution time of 60 seconds exceeded {"exception":"[object] (Symfony\\Component\\ErrorHandler\\Error\\FatalError(code: 0): Maximum execution time of 60 seconds exceeded at C:\\Users\\ADMIN\\Documents\\Github\\poems\\vendor\\laravel\\framework\\src\\Illuminate\\Database\\Connectors\\Connector.php:66)
[stacktrace]
#0 {main}
"} 
[2025-09-23 06:45:55] local.ERROR: Maximum execution time of 60 seconds exceeded {"exception":"[object] (Symfony\\Component\\ErrorHandler\\Error\\FatalError(code: 0): Maximum execution time of 60 seconds exceeded at C:\\Users\\ADMIN\\Documents\\Github\\poems\\vendor\\laravel\\framework\\src\\Illuminate\\Database\\Connectors\\Connector.php:66)
[stacktrace]
#0 {main}
"} 
[2025-09-23 06:47:53] local.ERROR: Maximum execution time of 60 seconds exceeded {"exception":"[object] (Symfony\\Component\\ErrorHandler\\Error\\FatalError(code: 0): Maximum execution time of 60 seconds exceeded at C:\\Users\\ADMIN\\Documents\\Github\\poems\\vendor\\laravel\\framework\\src\\Illuminate\\Database\\Connectors\\Connector.php:66)
[stacktrace]
#0 {main}
"} 
[2025-09-23 06:56:18] local.ERROR: Call to a member function table() on string {"userId":21,"exception":"[object] (Error(code: 0): Call to a member function table() on string at C:\\Users\\ADMIN\\Documents\\Github\\poems\\vendor\\filament\\tables\\src\\Table\\Concerns\\HasColumns.php:54)
[stacktrace]
#0 C:\\Users\\ADMIN\\Documents\\Github\\poems\\vendor\\filament\\tables\\src\\Table\\Concerns\\HasColumns.php(43): Filament\\Tables\\Table->pushColumns(Array)
#1 C:\\Users\\ADMIN\\Documents\\Github\\poems\\app\\Filament\\Resources\\Users\\Tables\\UsersTable.php(15): Filament\\Tables\\Table->columns(Array)
#2 C:\\Users\\ADMIN\\Documents\\Github\\poems\\app\\Filament\\Resources\\Users\\UserResource.php(32): App\\Filament\\Resources\\Users\\Tables\\UsersTable::configure(Object(Filament\\Tables\\Table))
#3 C:\\Users\\ADMIN\\Documents\\Github\\poems\\vendor\\filament\\filament\\src\\Resources\\Resource.php(64): App\\Filament\\Resources\\Users\\UserResource::table(Object(Filament\\Tables\\Table))
#4 C:\\Users\\ADMIN\\Documents\\Github\\poems\\vendor\\filament\\filament\\src\\Resources\\Pages\\ListRecords.php(196): Filament\\Resources\\Resource::configureTable(Object(Filament\\Tables\\Table))
#5 C:\\Users\\ADMIN\\Documents\\Github\\poems\\vendor\\filament\\tables\\src\\Concerns\\InteractsWithTable.php(47): Filament\\Resources\\Pages\\ListRecords->makeTable()
#6 C:\\Users\\ADMIN\\Documents\\Github\\poems\\vendor\\laravel\\framework\\src\\Illuminate\\Container\\BoundMethod.php(36): Filament\\Resources\\Pages\\ListRecords->bootedInteractsWithTable()
#7 C:\\Users\\ADMIN\\Documents\\Github\\poems\\vendor\\laravel\\framework\\src\\Illuminate\\Container\\Util.php(43): Illuminate\\Container\\BoundMethod::Illuminate\\Container\\{closure}()
#8 C:\\Users\\ADMIN\\Documents\\Github\\poems\\vendor\\laravel\\framework\\src\\Illuminate\\Container\\BoundMethod.php(95): Illuminate\\Container\\Util::unwrapIfClosure(Object(Closure))
#9 C:\\Users\\ADMIN\\Documents\\Github\\poems\\vendor\\laravel\\framework\\src\\Illuminate\\Container\\BoundMethod.php(35): Illuminate\\Container\\BoundMethod::callBoundMethod(Object(Illuminate\\Foundation\\Application), Array, Object(Closure))
#10 C:\\Users\\ADMIN\\Documents\\Github\\poems\\vendor\\livewire\\livewire\\src\\Wrapped.php(23): Illuminate\\Container\\BoundMethod::call(Object(Illuminate\\Foundation\\Application), Array, Array)
#11 C:\\Users\\ADMIN\\Documents\\Github\\poems\\vendor\\livewire\\livewire\\src\\Features\\SupportLifecycleHooks\\SupportLifecycleHooks.php(144): Livewire\\Wrapped->__call('bootedInteracts...', Array)
#12 C:\\Users\\ADMIN\\Documents\\Github\\poems\\vendor\\livewire\\livewire\\src\\Features\\SupportLifecycleHooks\\SupportLifecycleHooks.php(24): Livewire\\Features\\SupportLifecycleHooks\\SupportLifecycleHooks->callTraitHook('booted')
#13 C:\\Users\\ADMIN\\Documents\\Github\\poems\\vendor\\livewire\\livewire\\src\\ComponentHook.php(19): Livewire\\Features\\SupportLifecycleHooks\\SupportLifecycleHooks->mount(Array, false)
#14 C:\\Users\\ADMIN\\Documents\\Github\\poems\\vendor\\livewire\\livewire\\src\\ComponentHookRegistry.php(45): Livewire\\ComponentHook->callMount(Array, false)
#15 C:\\Users\\ADMIN\\Documents\\Github\\poems\\vendor\\livewire\\livewire\\src\\EventBus.php(60): Livewire\\ComponentHookRegistry::Livewire\\{closure}(Object(App\\Filament\\Resources\\Users\\Pages\\ListUsers), Array, NULL, false)
#16 C:\\Users\\ADMIN\\Documents\\Github\\poems\\vendor\\livewire\\livewire\\src\\helpers.php(98): Livewire\\EventBus->trigger('mount', Object(App\\Filament\\Resources\\Users\\Pages\\ListUsers), Array, NULL, false)
#17 C:\\Users\\ADMIN\\Documents\\Github\\poems\\vendor\\livewire\\livewire\\src\\Mechanisms\\HandleComponents\\HandleComponents.php(50): Livewire\\trigger('mount', Object(App\\Filament\\Resources\\Users\\Pages\\ListUsers), Array, NULL, false)
#18 C:\\Users\\ADMIN\\Documents\\Github\\poems\\vendor\\livewire\\livewire\\src\\LivewireManager.php(73): Livewire\\Mechanisms\\HandleComponents\\HandleComponents->mount('App\\\\Filament\\\\Re...', Array, NULL)
#19 C:\\Users\\ADMIN\\Documents\\Github\\poems\\vendor\\livewire\\livewire\\src\\Features\\SupportPageComponents\\HandlesPageComponents.php(17): Livewire\\LivewireManager->mount('App\\\\Filament\\\\Re...', Array)
#20 C:\\Users\\ADMIN\\Documents\\Github\\poems\\vendor\\livewire\\livewire\\src\\Features\\SupportPageComponents\\SupportPageComponents.php(117): Livewire\\Component->Livewire\\Features\\SupportPageComponents\\{closure}()
#21 C:\\Users\\ADMIN\\Documents\\Github\\poems\\vendor\\livewire\\livewire\\src\\Features\\SupportPageComponents\\HandlesPageComponents.php(14): Livewire\\Features\\SupportPageComponents\\SupportPageComponents::interceptTheRenderOfTheComponentAndRetreiveTheLayoutConfiguration(Object(Closure))
#22 C:\\Users\\ADMIN\\Documents\\Github\\poems\\vendor\\laravel\\framework\\src\\Illuminate\\Routing\\ControllerDispatcher.php(47): Livewire\\Component->__invoke()
#23 C:\\Users\\ADMIN\\Documents\\Github\\poems\\vendor\\laravel\\framework\\src\\Illuminate\\Routing\\Route.php(266): Illuminate\\Routing\\ControllerDispatcher->dispatch(Object(Illuminate\\Routing\\Route), Object(App\\Filament\\Resources\\Users\\Pages\\ListUsers), '__invoke')
#24 C:\\Users\\ADMIN\\Documents\\Github\\poems\\vendor\\laravel\\framework\\src\\Illuminate\\Routing\\Route.php(212): Illuminate\\Routing\\Route->runController()
#25 C:\\Users\\ADMIN\\Documents\\Github\\poems\\vendor\\laravel\\framework\\src\\Illuminate\\Routing\\Router.php(808): Illuminate\\Routing\\Route->run()
#26 C:\\Users\\ADMIN\\Documents\\Github\\poems\\vendor\\laravel\\framework\\src\\Illuminate\\Pipeline\\Pipeline.php(170): Illuminate\\Routing\\Router->Illuminate\\Routing\\{closure}(Object(Illuminate\\Http\\Request))
#27 C:\\Users\\ADMIN\\Documents\\Github\\poems\\vendor\\laravel\\framework\\src\\Illuminate\\Auth\\Middleware\\Authenticate.php(64): Illuminate\\Pipeline\\Pipeline->Illuminate\\Pipeline\\{closure}(Object(Illuminate\\Http\\Request))
#28 C:\\Users\\ADMIN\\Documents\\Github\\poems\\vendor\\laravel\\framework\\src\\Illuminate\\Pipeline\\Pipeline.php(209): Illuminate\\Auth\\Middleware\\Authenticate->handle(Object(Illuminate\\Http\\Request), Object(Closure))
#29 C:\\Users\\ADMIN\\Documents\\Github\\poems\\vendor\\filament\\filament\\src\\Http\\Middleware\\DispatchServingFilamentEvent.php(15): Illuminate\\Pipeline\\Pipeline->Illuminate\\Pipeline\\{closure}(Object(Illuminate\\Http\\Request))
#30 C:\\Users\\ADMIN\\Documents\\Github\\poems\\vendor\\laravel\\framework\\src\\Illuminate\\Pipeline\\Pipeline.php(209): Filament\\Http\\Middleware\\DispatchServingFilamentEvent->handle(Object(Illuminate\\Http\\Request), Object(Closure))
#31 C:\\Users\\ADMIN\\Documents\\Github\\poems\\vendor\\filament\\filament\\src\\Http\\Middleware\\DisableBladeIconComponents.php(14): Illuminate\\Pipeline\\Pipeline->Illuminate\\Pipeline\\{closure}(Object(Illuminate\\Http\\Request))
#32 C:\\Users\\ADMIN\\Documents\\Github\\poems\\vendor\\laravel\\framework\\src\\Illuminate\\Pipeline\\Pipeline.php(209): Filament\\Http\\Middleware\\DisableBladeIconComponents->handle(Object(Illuminate\\Http\\Request), Object(Closure))
#33 C:\\Users\\ADMIN\\Documents\\Github\\poems\\vendor\\laravel\\framework\\src\\Illuminate\\Routing\\Middleware\\SubstituteBindings.php(51): Illuminate\\Pipeline\\Pipeline->Illuminate\\Pipeline\\{closure}(Object(Illuminate\\Http\\Request))
#34 C:\\Users\\ADMIN\\Documents\\Github\\poems\\vendor\\laravel\\framework\\src\\Illuminate\\Pipeline\\Pipeline.php(209): Illuminate\\Routing\\Middleware\\SubstituteBindings->handle(Object(Illuminate\\Http\\Request), Object(Closure))
#35 C:\\Users\\ADMIN\\Documents\\Github\\poems\\vendor\\laravel\\framework\\src\\Illuminate\\Foundation\\Http\\Middleware\\VerifyCsrfToken.php(88): Illuminate\\Pipeline\\Pipeline->Illuminate\\Pipeline\\{closure}(Object(Illuminate\\Http\\Request))
#36 C:\\Users\\ADMIN\\Documents\\Github\\poems\\vendor\\laravel\\framework\\src\\Illuminate\\Pipeline\\Pipeline.php(209): Illuminate\\Foundation\\Http\\Middleware\\VerifyCsrfToken->handle(Object(Illuminate\\Http\\Request), Object(Closure))
#37 C:\\Users\\ADMIN\\Documents\\Github\\poems\\vendor\\laravel\\framework\\src\\Illuminate\\Session\\Middleware\\AuthenticateSession.php(67): Illuminate\\Pipeline\\Pipeline->Illuminate\\Pipeline\\{closure}(Object(Illuminate\\Http\\Request))
#38 C:\\Users\\ADMIN\\Documents\\Github\\poems\\vendor\\laravel\\framework\\src\\Illuminate\\Pipeline\\Pipeline.php(209): Illuminate\\Session\\Middleware\\AuthenticateSession->handle(Object(Illuminate\\Http\\Request), Object(Closure))
#39 C:\\Users\\ADMIN\\Documents\\Github\\poems\\vendor\\laravel\\framework\\src\\Illuminate\\View\\Middleware\\ShareErrorsFromSession.php(49): Illuminate\\Pipeline\\Pipeline->Illuminate\\Pipeline\\{closure}(Object(Illuminate\\Http\\Request))
#40 C:\\Users\\ADMIN\\Documents\\Github\\poems\\vendor\\laravel\\framework\\src\\Illuminate\\Pipeline\\Pipeline.php(209): Illuminate\\View\\Middleware\\ShareErrorsFromSession->handle(Object(Illuminate\\Http\\Request), Object(Closure))
#41 C:\\Users\\ADMIN\\Documents\\Github\\poems\\vendor\\laravel\\framework\\src\\Illuminate\\Session\\Middleware\\StartSession.php(121): Illuminate\\Pipeline\\Pipeline->Illuminate\\Pipeline\\{closure}(Object(Illuminate\\Http\\Request))
#42 C:\\Users\\ADMIN\\Documents\\Github\\poems\\vendor\\laravel\\framework\\src\\Illuminate\\Session\\Middleware\\StartSession.php(64): Illuminate\\Session\\Middleware\\StartSession->handleStatefulRequest(Object(Illuminate\\Http\\Request), Object(Illuminate\\Session\\Store), Object(Closure))
#43 C:\\Users\\ADMIN\\Documents\\Github\\poems\\vendor\\laravel\\framework\\src\\Illuminate\\Pipeline\\Pipeline.php(209): Illuminate\\Session\\Middleware\\StartSession->handle(Object(Illuminate\\Http\\Request), Object(Closure))
#44 C:\\Users\\ADMIN\\Documents\\Github\\poems\\vendor\\laravel\\framework\\src\\Illuminate\\Cookie\\Middleware\\AddQueuedCookiesToResponse.php(37): Illuminate\\Pipeline\\Pipeline->Illuminate\\Pipeline\\{closure}(Object(Illuminate\\Http\\Request))
#45 C:\\Users\\ADMIN\\Documents\\Github\\poems\\vendor\\laravel\\framework\\src\\Illuminate\\Pipeline\\Pipeline.php(209): Illuminate\\Cookie\\Middleware\\AddQueuedCookiesToResponse->handle(Object(Illuminate\\Http\\Request), Object(Closure))
#46 C:\\Users\\ADMIN\\Documents\\Github\\poems\\vendor\\laravel\\framework\\src\\Illuminate\\Cookie\\Middleware\\EncryptCookies.php(75): Illuminate\\Pipeline\\Pipeline->Illuminate\\Pipeline\\{closure}(Object(Illuminate\\Http\\Request))
#47 C:\\Users\\ADMIN\\Documents\\Github\\poems\\vendor\\laravel\\framework\\src\\Illuminate\\Pipeline\\Pipeline.php(209): Illuminate\\Cookie\\Middleware\\EncryptCookies->handle(Object(Illuminate\\Http\\Request), Object(Closure))
#48 C:\\Users\\ADMIN\\Documents\\Github\\poems\\vendor\\filament\\filament\\src\\Http\\Middleware\\SetUpPanel.php(19): Illuminate\\Pipeline\\Pipeline->Illuminate\\Pipeline\\{closure}(Object(Illuminate\\Http\\Request))
#49 C:\\Users\\ADMIN\\Documents\\Github\\poems\\vendor\\laravel\\framework\\src\\Illuminate\\Pipeline\\Pipeline.php(209): Filament\\Http\\Middleware\\SetUpPanel->handle(Object(Illuminate\\Http\\Request), Object(Closure), Object(Filament\\Panel))
#50 C:\\Users\\ADMIN\\Documents\\Github\\poems\\vendor\\laravel\\framework\\src\\Illuminate\\Pipeline\\Pipeline.php(127): Illuminate\\Pipeline\\Pipeline->Illuminate\\Pipeline\\{closure}(Object(Illuminate\\Http\\Request))
#51 C:\\Users\\ADMIN\\Documents\\Github\\poems\\vendor\\laravel\\framework\\src\\Illuminate\\Routing\\Router.php(807): Illuminate\\Pipeline\\Pipeline->then(Object(Closure))
#52 C:\\Users\\ADMIN\\Documents\\Github\\poems\\vendor\\laravel\\framework\\src\\Illuminate\\Routing\\Router.php(786): Illuminate\\Routing\\Router->runRouteWithinStack(Object(Illuminate\\Routing\\Route), Object(Illuminate\\Http\\Request))
#53 C:\\Users\\ADMIN\\Documents\\Github\\poems\\vendor\\laravel\\framework\\src\\Illuminate\\Routing\\Router.php(750): Illuminate\\Routing\\Router->runRoute(Object(Illuminate\\Http\\Request), Object(Illuminate\\Routing\\Route))
#54 C:\\Users\\ADMIN\\Documents\\Github\\poems\\vendor\\laravel\\framework\\src\\Illuminate\\Routing\\Router.php(739): Illuminate\\Routing\\Router->dispatchToRoute(Object(Illuminate\\Http\\Request))
#55 C:\\Users\\ADMIN\\Documents\\Github\\poems\\vendor\\laravel\\framework\\src\\Illuminate\\Foundation\\Http\\Kernel.php(201): Illuminate\\Routing\\Router->dispatch(Object(Illuminate\\Http\\Request))
#56 C:\\Users\\ADMIN\\Documents\\Github\\poems\\vendor\\laravel\\framework\\src\\Illuminate\\Pipeline\\Pipeline.php(170): Illuminate\\Foundation\\Http\\Kernel->Illuminate\\Foundation\\Http\\{closure}(Object(Illuminate\\Http\\Request))
#57 C:\\Users\\ADMIN\\Documents\\Github\\poems\\vendor\\livewire\\livewire\\src\\Features\\SupportDisablingBackButtonCache\\DisableBackButtonCacheMiddleware.php(19): Illuminate\\Pipeline\\Pipeline->Illuminate\\Pipeline\\{closure}(Object(Illuminate\\Http\\Request))
#58 C:\\Users\\ADMIN\\Documents\\Github\\poems\\vendor\\laravel\\framework\\src\\Illuminate\\Pipeline\\Pipeline.php(209): Livewire\\Features\\SupportDisablingBackButtonCache\\DisableBackButtonCacheMiddleware->handle(Object(Illuminate\\Http\\Request), Object(Closure))
#59 C:\\Users\\ADMIN\\Documents\\Github\\poems\\vendor\\laravel\\framework\\src\\Illuminate\\Http\\Middleware\\TrustProxies.php(58): Illuminate\\Pipeline\\Pipeline->Illuminate\\Pipeline\\{closure}(Object(Illuminate\\Http\\Request))
#60 C:\\Users\\ADMIN\\Documents\\Github\\poems\\vendor\\laravel\\framework\\src\\Illuminate\\Pipeline\\Pipeline.php(209): Illuminate\\Http\\Middleware\\TrustProxies->handle(Object(Illuminate\\Http\\Request), Object(Closure))
#61 C:\\Users\\ADMIN\\Documents\\Github\\poems\\vendor\\laravel\\framework\\src\\Illuminate\\Foundation\\Http\\Middleware\\TransformsRequest.php(21): Illuminate\\Pipeline\\Pipeline->Illuminate\\Pipeline\\{closure}(Object(Illuminate\\Http\\Request))
#62 C:\\Users\\ADMIN\\Documents\\Github\\poems\\vendor\\laravel\\framework\\src\\Illuminate\\Foundation\\Http\\Middleware\\ConvertEmptyStringsToNull.php(31): Illuminate\\Foundation\\Http\\Middleware\\TransformsRequest->handle(Object(Illuminate\\Http\\Request), Object(Closure))
#63 C:\\Users\\ADMIN\\Documents\\Github\\poems\\vendor\\laravel\\framework\\src\\Illuminate\\Pipeline\\Pipeline.php(209): Illuminate\\Foundation\\Http\\Middleware\\ConvertEmptyStringsToNull->handle(Object(Illuminate\\Http\\Request), Object(Closure))
#64 C:\\Users\\ADMIN\\Documents\\Github\\poems\\vendor\\laravel\\framework\\src\\Illuminate\\Foundation\\Http\\Middleware\\TransformsRequest.php(21): Illuminate\\Pipeline\\Pipeline->Illuminate\\Pipeline\\{closure}(Object(Illuminate\\Http\\Request))
#65 C:\\Users\\ADMIN\\Documents\\Github\\poems\\vendor\\laravel\\framework\\src\\Illuminate\\Foundation\\Http\\Middleware\\TrimStrings.php(51): Illuminate\\Foundation\\Http\\Middleware\\TransformsRequest->handle(Object(Illuminate\\Http\\Request), Object(Closure))
#66 C:\\Users\\ADMIN\\Documents\\Github\\poems\\vendor\\laravel\\framework\\src\\Illuminate\\Pipeline\\Pipeline.php(209): Illuminate\\Foundation\\Http\\Middleware\\TrimStrings->handle(Object(Illuminate\\Http\\Request), Object(Closure))
#67 C:\\Users\\ADMIN\\Documents\\Github\\poems\\vendor\\laravel\\framework\\src\\Illuminate\\Http\\Middleware\\ValidatePostSize.php(27): Illuminate\\Pipeline\\Pipeline->Illuminate\\Pipeline\\{closure}(Object(Illuminate\\Http\\Request))
#68 C:\\Users\\ADMIN\\Documents\\Github\\poems\\vendor\\laravel\\framework\\src\\Illuminate\\Pipeline\\Pipeline.php(209): Illuminate\\Http\\Middleware\\ValidatePostSize->handle(Object(Illuminate\\Http\\Request), Object(Closure))
#69 C:\\Users\\ADMIN\\Documents\\Github\\poems\\vendor\\laravel\\framework\\src\\Illuminate\\Foundation\\Http\\Middleware\\PreventRequestsDuringMaintenance.php(110): Illuminate\\Pipeline\\Pipeline->Illuminate\\Pipeline\\{closure}(Object(Illuminate\\Http\\Request))
#70 C:\\Users\\ADMIN\\Documents\\Github\\poems\\vendor\\laravel\\framework\\src\\Illuminate\\Pipeline\\Pipeline.php(209): Illuminate\\Foundation\\Http\\Middleware\\PreventRequestsDuringMaintenance->handle(Object(Illuminate\\Http\\Request), Object(Closure))
#71 C:\\Users\\ADMIN\\Documents\\Github\\poems\\vendor\\laravel\\framework\\src\\Illuminate\\Pipeline\\Pipeline.php(127): Illuminate\\Pipeline\\Pipeline->Illuminate\\Pipeline\\{closure}(Object(Illuminate\\Http\\Request))
#72 C:\\Users\\ADMIN\\Documents\\Github\\poems\\vendor\\laravel\\framework\\src\\Illuminate\\Foundation\\Http\\Kernel.php(176): Illuminate\\Pipeline\\Pipeline->then(Object(Closure))
#73 C:\\Users\\ADMIN\\Documents\\Github\\poems\\vendor\\laravel\\framework\\src\\Illuminate\\Foundation\\Http\\Kernel.php(145): Illuminate\\Foundation\\Http\\Kernel->sendRequestThroughRouter(Object(Illuminate\\Http\\Request))
#74 C:\\Users\\ADMIN\\Documents\\Github\\poems\\public\\index.php(54): Illuminate\\Foundation\\Http\\Kernel->handle(Object(Illuminate\\Http\\Request))
#75 C:\\Users\\ADMIN\\Documents\\Github\\poems\\server.php(21): require_once('C:\\\\Users\\\\ADMIN\\\\...')
#76 {main}
"} 
